import numpy as np
import pandas as pd

mydict = {{'Name': ['Jay', 'Teddy'], 'Age': [27, 5]}}

df = pd.DataFrame(mydict)
df
